// Jest Snapshot v1, https://goo.gl/fbAQLP

exports[`a post metadata component should render 1`] = `
<div
  className="post-metadata"
>
  <p>
    posted 
     
    <time
      dateTime={"2019-01-04T09:56:50.867Z"}
    >
      a few seconds ago
    </time>
     
     
    on 
     
    <time
      dateTime={"2019-01-04T09:56:50.874Z"}
    >
      Fri, 4 January 2019
    </time>
     
     
    (Est. 
     minute read)
  </p>
  <span>
     
  </span>
</div>
`;
