// Jest Snapshot v1, https://goo.gl/fbAQLP

exports[`a license component should render 1`] = `
<span
  className="license"
>
  <a
    className="license-icon"
    href="http://creativecommons.org/licenses/by-sa/4.0/"
    rel="nofollow noopener noreferrer license"
    target="_blank"
  >
    <img
      alt="Creative Commons License"
      src="https://i.creativecommons.org/l/by-sa/4.0/88x31.png"
      title="Creative Commons Attribution-ShareAlike 4.0 International License"
    />
  </a>
  <p>
    <span
      property="dct:title"
      xmlns:dct="http://purl.org/dc/terms/"
    >
       
      Curious Programmer
       content
       
    </span>
     
    by
     
    <a
      className=""
      href="https://curiousprogrammer.io"
      rel="nofollow noopener noreferrer cc:attributionURL"
      target="_blank"
    >
      Clarice Bouwer
    </a>
     
    is licensed under a
     
    <a
      className=""
      href="http://creativecommons.org/licenses/by-sa/4.0/"
      rel="nofollow noopener noreferrer license"
      target="_blank"
    >
      Creative Commons Attribution-ShareAlike 4.0 International License
    </a>
    .
  </p>
</span>
`;
