// Jest Snapshot v1, https://goo.gl/fbAQLP

exports[`a search bar component should render 1`] = `
<div
  className="searchbar active"
>
  <input
    className="search-query"
    onKeyUp={[Function]}
    type="text"
  />
  <div
    className="results"
  >
    <ul>
      <li
        className="empty"
      >
        What do you feel like reading today? Search as you type, also, enter works too.
      </li>
    </ul>
  </div>
</div>
`;
