// Jest Snapshot v1, https://goo.gl/fbAQLP

exports[`post navigation components a compact component should render 1`] = `
<div
  className="post-navigation compact"
>
  <a
    className="previous"
    href="/blog/world"
    onClick={[Function]}
    onMouseEnter={[Function]}
  >
    World
  </a>
  <a
    className="next"
    href="/blog/galaxy"
    onClick={[Function]}
    onMouseEnter={[Function]}
  >
    galaxy
  </a>
</div>
`;

exports[`post navigation components an elaborate component should render 1`] = `
<div
  className="post-navigation elaborate"
>
  <div
    className="nav previous"
    onClick={[Function]}
  >
    <aside
      className="post"
      style={
        Object {
          "backgroundImage": "url(world.jpg)",
        }
      }
    >
      <div
        className="container"
      >
        <h1>
          World
        </h1>
        <p
          dangerouslySetInnerHTML={
            Object {
              "__html": "<p>World</p>",
            }
          }
        />
        <div
          className="post-metadata"
        >
          <p>
            posted 
             
            <time
              dateTime={"2019-01-05T08:01:38.270Z"}
            >
              a few seconds ago
            </time>
             
             
            on 
             
            <time
              dateTime={"2019-01-05T08:01:38.271Z"}
            >
              Sat, 5 January 2019
            </time>
             
             
            (Est. 
             minute read)
          </p>
          <ul
            className="tags"
          >
            <li>
              <a
                className="tag"
                href="/tags/world"
                onClick={[Function]}
                onMouseEnter={[Function]}
              >
                world
              </a>
            </li>
          </ul>
        </div>
      </div>
    </aside>
  </div>
  <div
    className="nav next"
    onClick={[Function]}
  >
    <aside
      className="post"
      style={
        Object {
          "backgroundImage": "url(galaxy.jpg)",
        }
      }
    >
      <div
        className="container"
      >
        <h1>
          galaxy
        </h1>
        <p
          dangerouslySetInnerHTML={
            Object {
              "__html": "<p>Galaxy</p>",
            }
          }
        />
        <div
          className="post-metadata"
        >
          <p>
            posted 
             
            <time
              dateTime={"2019-01-05T08:01:38.277Z"}
            >
              a few seconds ago
            </time>
             
             
            on 
             
            <time
              dateTime={"2019-01-05T08:01:38.277Z"}
            >
              Sat, 5 January 2019
            </time>
             
             
            (Est. 
             minute read)
          </p>
          <ul
            className="tags"
          >
            <li>
              <a
                className="tag"
                href="/tags/galaxy"
                onClick={[Function]}
                onMouseEnter={[Function]}
              >
                galaxy
              </a>
            </li>
          </ul>
        </div>
      </div>
    </aside>
  </div>
</div>
`;
