// Jest Snapshot v1, https://goo.gl/fbAQLP

exports[`technologies component should render 1`] = `
<div
  className="contact"
>
  <a
    className="icon email"
    href="/mailto:curiousprogrammer.io@gmail.com"
    onClick={[Function]}
    onMouseEnter={[Function]}
  />
  <a
    className="icon rss"
    href="/rss.xml"
    onClick={[Function]}
    onMouseEnter={[Function]}
  />
  <a
    className="icon twitter"
    href="/https:/twitter.com/cbillowes"
    onClick={[Function]}
    onMouseEnter={[Function]}
  />
  <a
    className="icon stack-overflow"
    href="/https:/stackoverflow.com/users/849986/cbillowes"
    onClick={[Function]}
    onMouseEnter={[Function]}
  />
  <a
    className="icon github"
    href="/https:/github.com/cbillowes"
    onClick={[Function]}
    onMouseEnter={[Function]}
  />
  <a
    className="icon linkedin"
    href="/https:/www.linkedin.com/in/cbouwer/"
    onClick={[Function]}
    onMouseEnter={[Function]}
  />
</div>
`;
