// Jest Snapshot v1, https://goo.gl/fbAQLP

exports[`technologies component should render 1`] = `
<div
  className="technologies"
>
  <span
    className="tag current"
  >
    Clojure
    <span
      className="xp"
    >
      ( 1 yr )
    </span>
  </span>
  <span
    className="tag current"
  >
    Datomic
    <span
      className="xp"
    >
      ( 1 yr )
    </span>
  </span>
  <span
    className="tag "
  >
    C#
    <span
      className="xp"
    >
      ( 10 yrs )
    </span>
  </span>
  <span
    className="tag current"
  >
    React
    <span
      className="xp"
    >
      ( 1 yr )
    </span>
  </span>
  <span
    className="tag current"
  >
    Git
    <span
      className="xp"
    >
      ( 5 yrs )
    </span>
  </span>
  <div
    className="button"
    onClick={[Function]}
  >
    more
  </div>
  <div
    className="elaborate "
  >
    <span
      className="tag current"
    >
      Gatsby
      <span
        className="xp"
      >
        ( 1 yr )
      </span>
    </span>
    <span
      className="tag "
    >
      T-SQL
      <span
        className="xp"
      >
        ( 11 yrs )
      </span>
    </span>
    <span
      className="tag current"
    >
      JavaScript
      <span
        className="xp"
      >
        ( 13 yrs )
      </span>
    </span>
    <span
      className="tag current"
    >
      jQuery
      <span
        className="xp"
      >
        ( 10 yrs )
      </span>
    </span>
    <span
      className="tag "
    >
      VB.NET
      <span
        className="xp"
      >
        ( 3 yrs )
      </span>
    </span>
    <span
      className="tag "
    >
      Jenkins
      <span
        className="xp"
      >
        ( 5 yrs )
      </span>
    </span>
    <span
      className="tag "
    >
      MVC
      <span
        className="xp"
      >
        
      </span>
    </span>
    <span
      className="tag "
    >
      Grunt
      <span
        className="xp"
      >
        
      </span>
    </span>
    <span
      className="tag current"
    >
      Solr
      <span
        className="xp"
      >
        ( 1 mo )
      </span>
    </span>
    <span
      className="tag "
    >
      WebAPI
      <span
        className="xp"
      >
        
      </span>
    </span>
    <span
      className="tag "
    >
      Handlebars
      <span
        className="xp"
      >
        
      </span>
    </span>
    <span
      className="tag "
    >
      LINQ
      <span
        className="xp"
      >
        
      </span>
    </span>
    <span
      className="tag current"
    >
      Reagent
      <span
        className="xp"
      >
        ( 1 yr )
      </span>
    </span>
    <span
      className="tag "
    >
      Web Forms
      <span
        className="xp"
      >
        
      </span>
    </span>
    <span
      className="tag "
    >
      Entity Framework
      <span
        className="xp"
      >
        
      </span>
    </span>
    <span
      className="tag "
    >
      Bootstrap
      <span
        className="xp"
      >
        
      </span>
    </span>
    <span
      className="tag current"
    >
      Semantic UI
      <span
        className="xp"
      >
        ( 1 yr )
      </span>
    </span>
    <span
      className="tag current"
    >
      CSS/3
      <span
        className="xp"
      >
        ( 15 yrs )
      </span>
    </span>
    <span
      className="tag current"
    >
      SASS/LESS
      <span
        className="xp"
      >
        
      </span>
    </span>
    <span
      className="tag current"
    >
      HTML/5
      <span
        className="xp"
      >
        ( 15 yrs )
      </span>
    </span>
    <span
      className="tag current"
    >
      ClojureScript
      <span
        className="xp"
      >
        ( 1 yr )
      </span>
    </span>
    <span
      className="tag "
    >
      Agile
      <span
        className="xp"
      >
        ( 5 yrs )
      </span>
    </span>
    <span
      className="tag "
    >
      Clickatel Integration
      <span
        className="xp"
      >
        ( 1 yr )
      </span>
    </span>
    <span
      className="tag "
    >
      XMPie Integration
      <span
        className="xp"
      >
        ( 2 yrs )
      </span>
    </span>
    <span
      className="tag "
    >
      VCS Integration
      <span
        className="xp"
      >
        ( 1 yr )
      </span>
    </span>
    <span
      className="tag "
    >
      Nedbank iVeri Lite Integration
      <span
        className="xp"
      >
        ( 3 yrs )
      </span>
    </span>
    <span
      className="tag "
    >
      Mashreq Payment Gateway Integration
      <span
        className="xp"
      >
        ( 1 yr )
      </span>
    </span>
    <span
      className="tag "
    >
      Microsoft SQL Server
      <span
        className="xp"
      >
        ( 11 yrs )
      </span>
    </span>
  </div>
</div>
`;
