// Jest Snapshot v1, https://goo.gl/fbAQLP

exports[`a post listing component should render 1`] = `
<div
  className="posts"
>
  <section>
    <a
      href="/blog/getting-started-with-datomic-part-1"
    >
      <h1>
        Getting started with Datomic part 1
      </h1>
    </a>
    <p>
      My first simple write up.
    </p>
    <div
      className="post-metadata"
    >
      <p>
        posted 
         
        <time
          dateTime={"2019-01-05T06:58:02.460Z"}
        >
          a few seconds ago
        </time>
         
         
        on 
         
        <time
          dateTime={"2019-01-05T06:58:02.460Z"}
        >
          Sat, 5 January 2019
        </time>
         
         
        (Est. 
        20
         minute read)
      </p>
      <ul
        className="tags"
      >
        <li>
          <a
            className="tag"
            href="/tags/technical"
            onClick={[Function]}
            onMouseEnter={[Function]}
          >
            technical
          </a>
        </li>
        <li>
          <a
            className="tag"
            href="/tags/clojure"
            onClick={[Function]}
            onMouseEnter={[Function]}
          >
            clojure
          </a>
        </li>
        <li>
          <a
            className="tag"
            href="/tags/datomic"
            onClick={[Function]}
            onMouseEnter={[Function]}
          >
            datomic
          </a>
        </li>
      </ul>
    </div>
    <hr />
  </section>
  <section>
    <a
      href="/blog/getting-started-with-datomic"
    >
      <h1>
        Getting started with Datomic part 2
      </h1>
    </a>
    <p>
      My second simple write up.
    </p>
    <div
      className="post-metadata"
    >
      <p>
        posted 
         
        <time
          dateTime={"2019-01-05T06:58:02.460Z"}
        >
          a few seconds ago
        </time>
         
         
        on 
         
        <time
          dateTime={"2019-01-05T06:58:02.460Z"}
        >
          Sat, 5 January 2019
        </time>
         
         
        (Est. 
        20
         minute read)
      </p>
      <ul
        className="tags"
      >
        <li>
          <a
            className="tag"
            href="/tags/technical"
            onClick={[Function]}
            onMouseEnter={[Function]}
          >
            technical
          </a>
        </li>
        <li>
          <a
            className="tag"
            href="/tags/clojure"
            onClick={[Function]}
            onMouseEnter={[Function]}
          >
            clojure
          </a>
        </li>
        <li>
          <a
            className="tag"
            href="/tags/datomic"
            onClick={[Function]}
            onMouseEnter={[Function]}
          >
            datomic
          </a>
        </li>
      </ul>
    </div>
    <hr />
  </section>
  <section>
    <a
      href="/blog/getting-started-with-datomic-part-2"
    >
      <h1>
        Getting started with Datomic part 2
      </h1>
    </a>
    <p>
      A duplicate post.
    </p>
    <div
      className="post-metadata"
    >
      <p>
        posted 
         
        <time
          dateTime={"2019-01-05T06:58:02.460Z"}
        >
          a few seconds ago
        </time>
         
         
        on 
         
        <time
          dateTime={"2019-01-05T06:58:02.460Z"}
        >
          Sat, 5 January 2019
        </time>
         
         
        (Est. 
        20
         minute read)
      </p>
      <ul
        className="tags"
      >
        <li>
          <a
            className="tag"
            href="/tags/technical"
            onClick={[Function]}
            onMouseEnter={[Function]}
          >
            technical
          </a>
        </li>
        <li>
          <a
            className="tag"
            href="/tags/clojure"
            onClick={[Function]}
            onMouseEnter={[Function]}
          >
            clojure
          </a>
        </li>
        <li>
          <a
            className="tag"
            href="/tags/datomic"
            onClick={[Function]}
            onMouseEnter={[Function]}
          >
            datomic
          </a>
        </li>
      </ul>
    </div>
    <hr />
  </section>
</div>
`;
