// Jest Snapshot v1, https://goo.gl/fbAQLP

exports[`an icon component should render 1`] = `
<div
  className="icons"
>
  <div
    className="icon search active"
    onClick={[Function]}
  >
    <i />
  </div>
  <div
    className="icon menu active"
    onClick={[Function]}
  >
    <i />
  </div>
</div>
`;
